--------------------------------------------------------------------------------
Release 14.7 Trace  (nt64)
Copyright (c) 1995-2013 Xilinx, Inc.  All rights reserved.

C:\Xilinx\14.7\ISE_DS\ISE\bin\nt64\unwrapped\trce.exe -intstyle ise -v 3 -s 3
-n 3 -fastpaths -xml ALU.twx ALU.ncd -o ALU.twr ALU.pcf

Design file:              ALU.ncd
Physical constraint file: ALU.pcf
Device,package,speed:     xc6slx16,csg324,C,-3 (PRODUCTION 1.23 2013-10-13)
Report level:             verbose report

Environment Variable      Effect 
--------------------      ------ 
NONE                      No environment variables were set
--------------------------------------------------------------------------------

INFO:Timing:2698 - No timing constraints found, doing default enumeration.
INFO:Timing:3412 - To improve timing, see the Timing Closure User Guide (UG612).
INFO:Timing:2752 - To get complete path coverage, use the unconstrained paths 
   option. All paths that are not constrained will be reported in the 
   unconstrained paths section(s) of the report.
INFO:Timing:3339 - The clock-to-out numbers in this timing report are based on 
   a 50 Ohm transmission line loading model.  For the details of this model, 
   and for more information on accounting for different loading conditions, 
   please see the device datasheet.



Data Sheet report:
-----------------
All values displayed in nanoseconds (ns)

Pad to Pad
---------------+---------------+---------+
Source Pad     |Destination Pad|  Delay  |
---------------+---------------+---------+
A<0>           |C              |    7.536|
A<0>           |N              |    9.470|
A<0>           |O              |   12.402|
A<0>           |S<0>           |   10.672|
A<0>           |S<1>           |   10.640|
A<0>           |S<2>           |   10.966|
A<0>           |S<3>           |   10.675|
A<0>           |S<4>           |   10.869|
A<0>           |S<5>           |   10.937|
A<0>           |S<6>           |   11.172|
A<0>           |S<7>           |   10.630|
A<0>           |Z              |   11.709|
A<1>           |C              |    7.165|
A<1>           |N              |    9.382|
A<1>           |O              |   12.380|
A<1>           |S<0>           |   10.650|
A<1>           |S<1>           |   10.618|
A<1>           |S<2>           |   10.944|
A<1>           |S<3>           |   10.653|
A<1>           |S<4>           |   10.847|
A<1>           |S<5>           |   10.915|
A<1>           |S<6>           |   11.150|
A<1>           |S<7>           |   10.608|
A<1>           |Z              |   11.687|
A<2>           |C              |    7.225|
A<2>           |N              |    9.935|
A<2>           |O              |   12.497|
A<2>           |S<0>           |   10.767|
A<2>           |S<1>           |   10.735|
A<2>           |S<2>           |   11.061|
A<2>           |S<3>           |   10.770|
A<2>           |S<4>           |   10.964|
A<2>           |S<5>           |   11.032|
A<2>           |S<6>           |   11.267|
A<2>           |S<7>           |   10.725|
A<2>           |Z              |   11.804|
A<3>           |C              |    7.264|
A<3>           |N              |    9.242|
A<3>           |O              |   12.480|
A<3>           |S<0>           |   10.750|
A<3>           |S<1>           |   10.718|
A<3>           |S<2>           |   11.044|
A<3>           |S<3>           |   10.753|
A<3>           |S<4>           |   10.947|
A<3>           |S<5>           |   11.015|
A<3>           |S<6>           |   11.250|
A<3>           |S<7>           |   10.708|
A<3>           |Z              |   11.787|
A<4>           |C              |    7.589|
A<4>           |N              |    8.745|
A<4>           |O              |   12.585|
A<4>           |S<0>           |   10.855|
A<4>           |S<1>           |   10.823|
A<4>           |S<2>           |   11.149|
A<4>           |S<3>           |   10.858|
A<4>           |S<4>           |   11.052|
A<4>           |S<5>           |   11.120|
A<4>           |S<6>           |   11.355|
A<4>           |S<7>           |   10.813|
A<4>           |Z              |   11.892|
A<5>           |C              |    7.214|
A<5>           |N              |    8.177|
A<5>           |O              |   12.455|
A<5>           |S<0>           |   10.725|
A<5>           |S<1>           |   10.693|
A<5>           |S<2>           |   11.019|
A<5>           |S<3>           |   10.728|
A<5>           |S<4>           |   10.922|
A<5>           |S<5>           |   10.990|
A<5>           |S<6>           |   11.225|
A<5>           |S<7>           |   10.683|
A<5>           |Z              |   11.762|
A<6>           |C              |    6.717|
A<6>           |N              |    6.773|
A<6>           |O              |   12.459|
A<6>           |S<0>           |   10.729|
A<6>           |S<1>           |   10.697|
A<6>           |S<2>           |   11.023|
A<6>           |S<3>           |   10.732|
A<6>           |S<4>           |   10.926|
A<6>           |S<5>           |   10.994|
A<6>           |S<6>           |   11.229|
A<6>           |S<7>           |   10.687|
A<6>           |Z              |   11.766|
A<7>           |C              |    6.812|
A<7>           |N              |    6.390|
A<7>           |O              |   12.377|
A<7>           |S<0>           |   10.647|
A<7>           |S<1>           |   10.615|
A<7>           |S<2>           |   10.941|
A<7>           |S<3>           |   10.650|
A<7>           |S<4>           |   10.844|
A<7>           |S<5>           |   10.912|
A<7>           |S<6>           |   11.147|
A<7>           |S<7>           |   10.605|
A<7>           |Z              |   11.684|
B<0>           |C              |    7.977|
B<0>           |N              |    9.956|
B<0>           |O              |   12.265|
B<0>           |S<0>           |   10.535|
B<0>           |S<1>           |   10.503|
B<0>           |S<2>           |   10.829|
B<0>           |S<3>           |   10.538|
B<0>           |S<4>           |   10.732|
B<0>           |S<5>           |   10.800|
B<0>           |S<6>           |   11.035|
B<0>           |S<7>           |   10.493|
B<0>           |Z              |   11.572|
B<1>           |C              |    7.521|
B<1>           |N              |   10.201|
B<1>           |O              |   12.233|
B<1>           |S<0>           |   10.503|
B<1>           |S<1>           |   10.471|
B<1>           |S<2>           |   10.797|
B<1>           |S<3>           |   10.506|
B<1>           |S<4>           |   10.700|
B<1>           |S<5>           |   10.768|
B<1>           |S<6>           |   11.003|
B<1>           |S<7>           |   10.461|
B<1>           |Z              |   11.540|
B<2>           |C              |    7.391|
B<2>           |N              |   10.047|
B<2>           |O              |   12.332|
B<2>           |S<0>           |   10.602|
B<2>           |S<1>           |   10.570|
B<2>           |S<2>           |   10.896|
B<2>           |S<3>           |   10.605|
B<2>           |S<4>           |   10.799|
B<2>           |S<5>           |   10.867|
B<2>           |S<6>           |   11.102|
B<2>           |S<7>           |   10.560|
B<2>           |Z              |   11.639|
B<3>           |C              |    7.143|
B<3>           |N              |    8.797|
B<3>           |O              |   11.886|
B<3>           |S<0>           |   10.156|
B<3>           |S<1>           |   10.124|
B<3>           |S<2>           |   10.450|
B<3>           |S<3>           |   10.159|
B<3>           |S<4>           |   10.353|
B<3>           |S<5>           |   10.421|
B<3>           |S<6>           |   10.656|
B<3>           |S<7>           |   10.114|
B<3>           |Z              |   11.193|
B<4>           |C              |    8.288|
B<4>           |N              |    8.820|
B<4>           |O              |   12.388|
B<4>           |S<0>           |   10.658|
B<4>           |S<1>           |   10.626|
B<4>           |S<2>           |   10.952|
B<4>           |S<3>           |   10.661|
B<4>           |S<4>           |   10.855|
B<4>           |S<5>           |   10.923|
B<4>           |S<6>           |   11.158|
B<4>           |S<7>           |   10.616|
B<4>           |Z              |   11.695|
B<5>           |C              |    7.550|
B<5>           |N              |    8.636|
B<5>           |O              |   12.538|
B<5>           |S<0>           |   10.808|
B<5>           |S<1>           |   10.776|
B<5>           |S<2>           |   11.102|
B<5>           |S<3>           |   10.811|
B<5>           |S<4>           |   11.005|
B<5>           |S<5>           |   11.073|
B<5>           |S<6>           |   11.308|
B<5>           |S<7>           |   10.766|
B<5>           |Z              |   11.845|
B<6>           |C              |    7.805|
B<6>           |N              |    7.755|
B<6>           |O              |   12.685|
B<6>           |S<0>           |   10.955|
B<6>           |S<1>           |   10.923|
B<6>           |S<2>           |   11.249|
B<6>           |S<3>           |   10.958|
B<6>           |S<4>           |   11.152|
B<6>           |S<5>           |   11.220|
B<6>           |S<6>           |   11.455|
B<6>           |S<7>           |   10.913|
B<6>           |Z              |   11.992|
B<7>           |C              |    7.317|
B<7>           |N              |    6.811|
B<7>           |O              |   12.206|
B<7>           |S<0>           |   10.476|
B<7>           |S<1>           |   10.444|
B<7>           |S<2>           |   10.770|
B<7>           |S<3>           |   10.479|
B<7>           |S<4>           |   10.673|
B<7>           |S<5>           |   10.741|
B<7>           |S<6>           |   10.976|
B<7>           |S<7>           |   10.434|
B<7>           |Z              |   11.513|
Ctrl_Alu<0>    |N              |    6.989|
Ctrl_Alu<0>    |O              |    6.901|
Ctrl_Alu<0>    |S<0>           |    6.834|
Ctrl_Alu<0>    |S<1>           |    6.599|
Ctrl_Alu<0>    |S<2>           |    6.533|
Ctrl_Alu<0>    |S<3>           |    6.585|
Ctrl_Alu<0>    |S<4>           |    6.722|
Ctrl_Alu<0>    |S<5>           |    6.471|
Ctrl_Alu<0>    |S<6>           |    6.476|
Ctrl_Alu<0>    |S<7>           |    6.695|
Ctrl_Alu<0>    |Z              |    8.174|
Ctrl_Alu<1>    |N              |    6.510|
Ctrl_Alu<1>    |O              |    6.967|
Ctrl_Alu<1>    |S<0>           |    7.068|
Ctrl_Alu<1>    |S<1>           |    6.538|
Ctrl_Alu<1>    |S<2>           |    6.734|
Ctrl_Alu<1>    |S<3>           |    6.658|
Ctrl_Alu<1>    |S<4>           |    6.665|
Ctrl_Alu<1>    |S<5>           |    6.479|
Ctrl_Alu<1>    |S<6>           |    6.305|
Ctrl_Alu<1>    |S<7>           |    6.601|
Ctrl_Alu<1>    |Z              |    7.289|
Ctrl_Alu<2>    |N              |    6.743|
Ctrl_Alu<2>    |O              |    7.596|
Ctrl_Alu<2>    |S<0>           |    7.370|
Ctrl_Alu<2>    |S<1>           |    6.827|
Ctrl_Alu<2>    |S<2>           |    7.687|
Ctrl_Alu<2>    |S<3>           |    7.284|
Ctrl_Alu<2>    |S<4>           |    7.006|
Ctrl_Alu<2>    |S<5>           |    6.965|
Ctrl_Alu<2>    |S<6>           |    7.108|
Ctrl_Alu<2>    |S<7>           |    7.183|
Ctrl_Alu<2>    |Z              |    6.899|
---------------+---------------+---------+


Analysis completed Wed May 06 15:17:08 2020 
--------------------------------------------------------------------------------

Trace Settings:
-------------------------
Trace Settings 

Peak Memory Usage: 4575 MB



